swab.h:112:48:__fswab32	0	static
image.h:368:24:image_get_header_size	0	static
image.h:417:21:image_get_data	8	static
cmd_bootm.c:1058:5:do_bootd	8	static
bootstage.h:246:21:bootstage_mark	8	static
cmd_bootm.c:1389:12:do_bootm_rtems	8	static
bootstage.h:252:21:bootstage_error	8	static
image.h:392:1:1	0	static
image.h:393:1:2	0	static
image.h:469:19:image_check_magic	8	static
cmd_bootm.c:1105:12:image_info	16	static
cmd_bootm.c:1087:5:do_iminfo	24	static
image.h:381:1:6	0	static
image.h:401:24:image_get_data_size	0	static
cmd_bootm.c:317:12:11	40	static
cmd_bootm.c:193:12:bootm_start	64	static
cmd_bootm.c:164:6:__arch_preboot_os	0	static
cmd_bootm.c:477:5:do_bootm_subcommand	72	static
cmd_bootm.c:586:5:do_bootm	96	static
cmd_bootm.c:719:5:bootm_maybe_autostart	24	static
