swab.h:112:48:__fswab32	0	static
fdt_support.c:384:13:write_cell	24	static
fdt_support.c:908:19:of_read_number	24	static
fdt_support.c:971:12:of_bus_default_map	40	static
libfdt.h:1098:19:fdt_setprop_cell	32	static
fdt_support.c:370:12:get_cells_len	8	static
fdt_support.c:988:12:of_bus_default_translate	32	static
swab.h:116:25:1	0	static
fdt_support.c:949:13:of_bus_default_count_cells	24	static
fdt_support.c:52:5:fdt_getprop_u32_default	16	static
fdt_support.c:81:5:fdt_find_and_setprop	32	static
fdt_support.c:151:5:fdt_initrd	64	static
fdt_support.c:217:5:fdt_chosen	32	static
fdt_support.c:287:6:do_fixup_by_path	24	static
fdt_support.c:303:6:do_fixup_by_path_u32	32	static
fdt_support.c:310:6:do_fixup_by_prop	40	static
fdt_support.c:331:6:do_fixup_by_prop_u32	40	static
fdt_support.c:339:6:do_fixup_by_compat	40	static
fdt_support.c:358:6:do_fixup_by_compat_u32	32	static
fdt_support.c:393:5:fdt_fixup_memory_banks	64	dynamic
fdt_support.c:443:5:fdt_fixup_memory	16	static
fdt_support.c:448:6:fdt_fixup_ethernet	88	static
fdt_support.c:485:5:fdt_resize	40	static
fdt_support.c:675:5:fdt_increase_size	16	static
fdt_support.c:894:6:fdt_del_node_and_alias	16	static
fdt_support.c:1075:5:__of_translate_address	96	static
fdt_support.c:1148:5:fdt_translate_address	0	static
fdt_support.c:1162:5:fdt_node_offset_by_compat_reg	32	static
fdt_support.c:1183:5:fdt_alloc_phandle	16	static
fdt_support.c:1202:5:fdt_set_phandle	16	static
fdt_support.c:1241:14:fdt_create_phandle	16	static
fdt_support.c:1271:5:fdt_set_node_status	40	static
fdt_support.c:1312:5:fdt_set_status_by_alias	16	static
fdt_support.c:1358:5:fdt_verify_alias_address	40	static
fdt_support.c:1399:5:fdt_get_base_address	24	static
