swab.h:112:48:__fswab32	0	static
image.h:368:24:image_get_header_size	0	static
image.h:417:21:image_get_data	8	static
image.c:1792:12:fit_parse_spec	24	static
image.c:1149:13:fdt_error	8	static
bootstage.h:246:21:bootstage_mark	8	static
bootstage.h:252:21:bootstage_error	8	static
image.h:391:1:0	0	static
image.h:392:1:1	0	static
image.h:393:1:2	0	static
image.h:473:19:image_check_type	8	static
image.h:394:1:3	0	static
image.h:381:1:5	0	static
image.h:401:24:image_get_data_size	0	static
image.h:382:1:6	0	static
image.h:469:19:image_check_magic	8	static
image.h:576:27:14	0	static
image.c:172:5:image_check_hcrc	80	static
image.c:187:5:image_check_dcrc	16	static
image.c:209:7:image_multi_count	8	static
image.c:242:6:image_multi_getimg	32	static
image.c:419:5:getenv_yesno	8	static
image.c:425:7:getenv_bootm_low	8	static
image.c:442:13:getenv_bootm_size	8	static
image.c:464:13:getenv_bootm_mapsize	8	static
image.c:480:6:memmove_wd	0	static
image.c:500:6:genimg_print_size	8	static
image.c:542:7:get_table_entry_name	0	static
image.c:555:13:genimg_get_os_name	0	static
image.c:560:13:genimg_get_arch_name	0	static
image.c:566:13:genimg_get_type_name	0	static
image.c:571:13:genimg_get_comp_name	0	static
image.c:302:6:image_print_contents	40	static
image.c:591:5:get_table_entry_id	16	static
image.c:625:5:genimg_get_os_id	0	static
image.c:630:5:genimg_get_arch_id	0	static
image.c:635:5:genimg_get_type_id	0	static
image.c:640:5:genimg_get_comp_id	0	static
image.c:660:5:genimg_get_format	8	static
image.c:692:7:genimg_get_image	0	static
image.c:764:5:genimg_has_config	0	static
image.c:1069:5:boot_ramdisk_high	32	static
image.c:1244:6:boot_fdt_add_mem_rsv_regions	48	static
image.c:1279:5:boot_relocate_fdt	40	static
image.c:1833:5:fit_parse_conf	16	static
image.c:1859:5:fit_parse_subimage	16	static
image.c:2147:5:fit_get_desc	16	static
image.c:2175:5:fit_get_timestamp	16	static
image.c:2207:5:fit_image_get_node	16	static
image.c:3058:12:__fit_conf_get_prop_node	16	static
image.c:2241:5:fit_image_get_os	16	static
image.c:2273:5:fit_image_get_arch	16	static
image.c:2305:5:fit_image_get_type	16	static
image.c:2337:5:fit_image_get_comp	16	static
image.c:2368:5:fit_image_get_load	16	static
image.c:2396:5:fit_image_get_entry	16	static
image.c:2426:5:fit_image_get_data	24	static
image.c:2455:5:fit_image_hash_get_algo	16	static
image.c:2483:5:fit_image_hash_get_value	24	static
image.c:2093:6:fit_image_print_hash	40	static
image.c:1997:6:fit_image_print	56	static
image.c:2512:5:fit_set_timestamp	32	static
image.c:2755:5:fit_image_check_hashes	80	static
image.c:2843:5:fit_all_image_check_hashes	24	static
image.c:2894:5:fit_image_check_os	16	static
image.c:2916:5:fit_image_check_arch	16	static
image.c:2938:5:fit_image_check_type	16	static
image.c:2961:5:fit_image_check_comp	16	static
image.c:2981:5:fit_check_format	8	static
image.c:3023:5:fit_conf_get_node	24	static
image.c:3086:5:fit_conf_get_kernel_node	0	static
image.c:3105:5:fit_conf_get_ramdisk_node	0	static
image.c:795:5:boot_get_ramdisk	64	static
image.c:3124:5:fit_conf_get_fdt_node	0	static
image.c:1387:5:boot_get_fdt	64	static
image.c:3141:6:fit_conf_print	32	static
image.c:1888:6:fit_print_contents	32	static
