serial_zynq.c:81:13:uart_zynq_serial_setbrg	32	static
serial_zynq.c:120:12:uart_zynq_serial_init	8	static
serial_zynq.c:136:13:uart_zynq_serial_putc	0	static
serial_zynq.c:151:13:uart_zynq_serial_puts	16	static
serial_zynq.c:157:12:uart_zynq_serial_tstc	0	static
serial_zynq.c:164:12:uart_zynq_serial_getc	16	static
serial_zynq.c:231:1:uart_zynq0_init	0	static
serial_zynq.c:231:1:uart_zynq0_setbrg	0	static
serial_zynq.c:231:1:uart_zynq0_getc	0	static
serial_zynq.c:231:1:uart_zynq0_tstc	0	static
serial_zynq.c:231:1:uart_zynq0_putc	0	static
serial_zynq.c:231:1:uart_zynq0_puts	0	static
serial_zynq.c:234:1:uart_zynq1_init	0	static
serial_zynq.c:234:1:uart_zynq1_setbrg	0	static
serial_zynq.c:234:1:uart_zynq1_getc	0	static
serial_zynq.c:234:1:uart_zynq1_tstc	0	static
serial_zynq.c:234:1:uart_zynq1_putc	0	static
serial_zynq.c:234:1:uart_zynq1_puts	0	static
serial_zynq.c:238:30:default_serial_console	0	static
