swab.h:99:48:__fswab16	0	static
net.h:520:20:net_set_state	0	static
net.c:561:1:startAgainTimeout	0	static
net.c:616:13:dummy_handler	0	static
net.h:614:20:NetCopyIP	0	static
net.h:590:24:NetReadIP	16	static
common.h:841:24:getenv_IPaddr	8	static
net.c:215:6:net_auto_load	8	static
net.c:622:11:net_get_udp_handler	0	static
net.c:627:6:net_set_udp_handler	0	static
net.c:636:11:net_get_arp_handler	0	static
net.c:641:6:net_set_arp_handler	0	static
net.c:658:1:NetSetTimeout	16	static
net.c:566:6:NetStartAgain	16	static
net.c:264:13:net_clear_handlers	8	static
net.c:271:13:net_cleanup_loop	0	static
net.c:1277:1:NetCksum	0	static
net.c:1270:1:NetCksumOk	8	static
net.c:929:1:NetReceive	40	static
net.c:1291:1:NetEthHdrSize	8	static
net.c:1304:1:NetSetEther	24	static
net.c:1329:5:net_update_ether	16	static
net.c:1352:6:net_set_ip_header	24	static
net.c:1373:6:net_set_udp_header	24	static
net.c:673:5:NetSendUDPPacket	40	static
net.c:1397:6:copy_filename	0	static
net.c:1417:14:random_port	8	static
net.c:1423:6:ip_to_string	16	static
net.c:1433:6:VLAN_to_string	8	static
net.c:1446:8:string_to_VLAN	8	static
net.c:1461:8:getenv_VLAN	8	static
net.c:241:13:NetInitLoop	16	static
net.c:276:6:net_init	8	static
net.c:306:5:NetLoop	40	static
