swab.h:112:48:__fswab32	0	static
net.h:520:20:net_set_state	0	static
nfs.c:101:1:basename	8	static
nfs.c:117:1:dirname	8	static
nfs.c:130:14:rpc_add_credentials	280	static
nfs.c:394:1:rpc_lookup_reply	2064	static
nfs.c:423:1:nfs_mount_reply	2056	static
nfs.c:447:1:nfs_umountall_reply	2056	static
nfs.c:470:1:nfs_lookup_reply	2056	static
nfs.c:174:1:rpc_req	2080	static
nfs.c:214:1:rpc_lookup_req	80	static
nfs.c:232:1:nfs_mount_req	4112	static
nfs.c:259:1:nfs_umountall_req	4104	static
nfs.c:306:1:nfs_lookup_req	4112	static
nfs.c:335:1:nfs_read_req	4120	static
nfs.c:285:1:nfs_readlink_req	4112	static
nfs.c:360:1:NfsSend	0	static
nfs.c:493:1:nfs_readlink_reply	2072	static
nfs.c:570:1:NfsTimeout	8	static
nfs.c:528:1:0	2064	static
nfs.c:583:1:NfsHandler	8	static
nfs.c:677:1:NfsStart	24	static
